Archive member included to satisfy reference by file (symbol)

c:/st/stm32cubeide_1.4.0/stm32cubeide/plugins/com.st.stm32cube.ide.mcu.externaltools.gnu-tools-for-stm32.7-2018-q2-update.win32_1.4.0.202007081208/tools/bin/../lib/gcc/arm-none-eabi/7.3.1/../../../../arm-none-eabi/lib/thumb/v7-m\libc_nano.a(lib_a-errno.o)
                              Src/syscalls.o (__errno)
c:/st/stm32cubeide_1.4.0/stm32cubeide/plugins/com.st.stm32cube.ide.mcu.externaltools.gnu-tools-for-stm32.7-2018-q2-update.win32_1.4.0.202007081208/tools/bin/../lib/gcc/arm-none-eabi/7.3.1/../../../../arm-none-eabi/lib/thumb/v7-m\libc_nano.a(lib_a-exit.o)
                              c:/st/stm32cubeide_1.4.0/stm32cubeide/plugins/com.st.stm32cube.ide.mcu.externaltools.gnu-tools-for-stm32.7-2018-q2-update.win32_1.4.0.202007081208/tools/bin/../lib/gcc/arm-none-eabi/7.3.1/../../../../arm-none-eabi/lib/thumb/v7-m/crt0.o (exit)
c:/st/stm32cubeide_1.4.0/stm32cubeide/plugins/com.st.stm32cube.ide.mcu.externaltools.gnu-tools-for-stm32.7-2018-q2-update.win32_1.4.0.202007081208/tools/bin/../lib/gcc/arm-none-eabi/7.3.1/../../../../arm-none-eabi/lib/thumb/v7-m\libc_nano.a(lib_a-impure.o)
                              c:/st/stm32cubeide_1.4.0/stm32cubeide/plugins/com.st.stm32cube.ide.mcu.externaltools.gnu-tools-for-stm32.7-2018-q2-update.win32_1.4.0.202007081208/tools/bin/../lib/gcc/arm-none-eabi/7.3.1/../../../../arm-none-eabi/lib/thumb/v7-m\libc_nano.a(lib_a-exit.o) (_global_impure_ptr)
c:/st/stm32cubeide_1.4.0/stm32cubeide/plugins/com.st.stm32cube.ide.mcu.externaltools.gnu-tools-for-stm32.7-2018-q2-update.win32_1.4.0.202007081208/tools/bin/../lib/gcc/arm-none-eabi/7.3.1/../../../../arm-none-eabi/lib/thumb/v7-m\libc_nano.a(lib_a-init.o)
                              c:/st/stm32cubeide_1.4.0/stm32cubeide/plugins/com.st.stm32cube.ide.mcu.externaltools.gnu-tools-for-stm32.7-2018-q2-update.win32_1.4.0.202007081208/tools/bin/../lib/gcc/arm-none-eabi/7.3.1/../../../../arm-none-eabi/lib/thumb/v7-m/crt0.o (__libc_init_array)
c:/st/stm32cubeide_1.4.0/stm32cubeide/plugins/com.st.stm32cube.ide.mcu.externaltools.gnu-tools-for-stm32.7-2018-q2-update.win32_1.4.0.202007081208/tools/bin/../lib/gcc/arm-none-eabi/7.3.1/../../../../arm-none-eabi/lib/thumb/v7-m\libc_nano.a(lib_a-memset.o)
                              c:/st/stm32cubeide_1.4.0/stm32cubeide/plugins/com.st.stm32cube.ide.mcu.externaltools.gnu-tools-for-stm32.7-2018-q2-update.win32_1.4.0.202007081208/tools/bin/../lib/gcc/arm-none-eabi/7.3.1/../../../../arm-none-eabi/lib/thumb/v7-m/crt0.o (memset)

Allocating common symbols
Common symbol       size              file

Global_SPI_Comfig1  0x18              STM32F103C6/STM32_F103C6_SPI-Driver.o
PinCfg              0x4               HALL/lcd.o
ch                  0x1               Src/main.o
Global_SPI_Comfig2  0x18              STM32F103C6/STM32_F103C6_SPI-Driver.o
GP_IRQ_CallBack     0x3c              STM32F103C6/STM32_F103C6_EXTI-Driver.o

Discarded input sections

 .text          0x0000000000000000        0x0 c:/st/stm32cubeide_1.4.0/stm32cubeide/plugins/com.st.stm32cube.ide.mcu.externaltools.gnu-tools-for-stm32.7-2018-q2-update.win32_1.4.0.202007081208/tools/bin/../lib/gcc/arm-none-eabi/7.3.1/thumb/v7-m/crti.o
 .data          0x0000000000000000        0x0 c:/st/stm32cubeide_1.4.0/stm32cubeide/plugins/com.st.stm32cube.ide.mcu.externaltools.gnu-tools-for-stm32.7-2018-q2-update.win32_1.4.0.202007081208/tools/bin/../lib/gcc/arm-none-eabi/7.3.1/thumb/v7-m/crti.o
 .bss           0x0000000000000000        0x0 c:/st/stm32cubeide_1.4.0/stm32cubeide/plugins/com.st.stm32cube.ide.mcu.externaltools.gnu-tools-for-stm32.7-2018-q2-update.win32_1.4.0.202007081208/tools/bin/../lib/gcc/arm-none-eabi/7.3.1/thumb/v7-m/crti.o
 .data          0x0000000000000000        0x4 c:/st/stm32cubeide_1.4.0/stm32cubeide/plugins/com.st.stm32cube.ide.mcu.externaltools.gnu-tools-for-stm32.7-2018-q2-update.win32_1.4.0.202007081208/tools/bin/../lib/gcc/arm-none-eabi/7.3.1/thumb/v7-m/crtbegin.o
 .text          0x0000000000000000       0x74 c:/st/stm32cubeide_1.4.0/stm32cubeide/plugins/com.st.stm32cube.ide.mcu.externaltools.gnu-tools-for-stm32.7-2018-q2-update.win32_1.4.0.202007081208/tools/bin/../lib/gcc/arm-none-eabi/7.3.1/../../../../arm-none-eabi/lib/thumb/v7-m/crt0.o
 .data          0x0000000000000000        0x0 c:/st/stm32cubeide_1.4.0/stm32cubeide/plugins/com.st.stm32cube.ide.mcu.externaltools.gnu-tools-for-stm32.7-2018-q2-update.win32_1.4.0.202007081208/tools/bin/../lib/gcc/arm-none-eabi/7.3.1/../../../../arm-none-eabi/lib/thumb/v7-m/crt0.o
 .bss           0x0000000000000000        0x0 c:/st/stm32cubeide_1.4.0/stm32cubeide/plugins/com.st.stm32cube.ide.mcu.externaltools.gnu-tools-for-stm32.7-2018-q2-update.win32_1.4.0.202007081208/tools/bin/../lib/gcc/arm-none-eabi/7.3.1/../../../../arm-none-eabi/lib/thumb/v7-m/crt0.o
[...]
Memory Configuration

Name             Origin             Length             Attributes
RAM              0x0000000020000000 0x0000000000002800 xrw
ROM              0x0000000008000000 0x0000000000008000 xr
*default*        0x0000000000000000 0xffffffffffffffff

Linker script and memory map

LOAD c:/st/stm32cubeide_1.4.0/stm32cubeide/plugins/com.st.stm32cube.ide.mcu.externaltools.gnu-tools-for-stm32.7-2018-q2-update.win32_1.4.0.202007081208/tools/bin/../lib/gcc/arm-none-eabi/7.3.1/thumb/v7-m/crti.o
LOAD c:/st/stm32cubeide_1.4.0/stm32cubeide/plugins/com.st.stm32cube.ide.mcu.externaltools.gnu-tools-for-stm32.7-2018-q2-update.win32_1.4.0.202007081208/tools/bin/../lib/gcc/arm-none-eabi/7.3.1/thumb/v7-m/crtbegin.o
LOAD c:/st/stm32cubeide_1.4.0/stm32cubeide/plugins/com.st.stm32cube.ide.mcu.externaltools.gnu-tools-for-stm32.7-2018-q2-update.win32_1.4.0.202007081208/tools/bin/../lib/gcc/arm-none-eabi/7.3.1/../../../../arm-none-eabi/lib/thumb/v7-m/crt0.o
LOAD HALL/I2C_Slave_EEPROM.o
LOAD HALL/keypad.o
LOAD HALL/lcd.o
LOAD STM32F103C6/STM32_F103C6_EXTI-Driver.o
LOAD STM32F103C6/STM32_F103C6_GPIO-Driver.o
LOAD STM32F103C6/STM32_F103C6_I2C-Driver.o
LOAD STM32F103C6/STM32_F103C6_RCC-Driver.o
LOAD STM32F103C6/STM32_F103C6_SPI-Driver.o
LOAD STM32F103C6/STM32_F103C6_USART-Driver.o
LOAD Src/main.o
LOAD Src/syscalls.o
LOAD Src/sysmem.o
LOAD Startup/startup_stm32f103c6tx.o
START GROUP
LOAD c:/st/stm32cubeide_1.4.0/stm32cubeide/plugins/com.st.stm32cube.ide.mcu.externaltools.gnu-tools-for-stm32.7-2018-q2-update.win32_1.4.0.202007081208/tools/bin/../lib/gcc/arm-none-eabi/7.3.1/../../../../arm-none-eabi/lib/thumb/v7-m\libc_nano.a
LOAD c:/st/stm32cubeide_1.4.0/stm32cubeide/plugins/com.st.stm32cube.ide.mcu.externaltools.gnu-tools-for-stm32.7-2018-q2-update.win32_1.4.0.202007081208/tools/bin/../lib/gcc/arm-none-eabi/7.3.1/../../../../arm-none-eabi/lib/thumb/v7-m\libm.a
END GROUP
START GROUP
LOAD c:/st/stm32cubeide_1.4.0/stm32cubeide/plugins/com.st.stm32cube.ide.mcu.externaltools.gnu-tools-for-stm32.7-2018-q2-update.win32_1.4.0.202007081208/tools/bin/../lib/gcc/arm-none-eabi/7.3.1/thumb/v7-m\libgcc.a
LOAD c:/st/stm32cubeide_1.4.0/stm32cubeide/plugins/com.st.stm32cube.ide.mcu.externaltools.gnu-tools-for-stm32.7-2018-q2-update.win32_1.4.0.202007081208/tools/bin/../lib/gcc/arm-none-eabi/7.3.1/../../../../arm-none-eabi/lib/thumb/v7-m\libg_nano.a
LOAD c:/st/stm32cubeide_1.4.0/stm32cubeide/plugins/com.st.stm32cube.ide.mcu.externaltools.gnu-tools-for-stm32.7-2018-q2-update.win32_1.4.0.202007081208/tools/bin/../lib/gcc/arm-none-eabi/7.3.1/../../../../arm-none-eabi/lib/thumb/v7-m\libc_nano.a
END GROUP
START GROUP
LOAD c:/st/stm32cubeide_1.4.0/stm32cubeide/plugins/com.st.stm32cube.ide.mcu.externaltools.gnu-tools-for-stm32.7-2018-q2-update.win32_1.4.0.202007081208/tools/bin/../lib/gcc/arm-none-eabi/7.3.1/thumb/v7-m\libgcc.a
LOAD c:/st/stm32cubeide_1.4.0/stm32cubeide/plugins/com.st.stm32cube.ide.mcu.externaltools.gnu-tools-for-stm32.7-2018-q2-update.win32_1.4.0.202007081208/tools/bin/../lib/gcc/arm-none-eabi/7.3.1/../../../../arm-none-eabi/lib/thumb/v7-m\libc_nano.a
LOAD c:/st/stm32cubeide_1.4.0/stm32cubeide/plugins/com.st.stm32cube.ide.mcu.externaltools.gnu-tools-for-stm32.7-2018-q2-update.win32_1.4.0.202007081208/tools/bin/../lib/gcc/arm-none-eabi/7.3.1/../../../../arm-none-eabi/lib/thumb/v7-m\libnosys.a
END GROUP
START GROUP
LOAD c:/st/stm32cubeide_1.4.0/stm32cubeide/plugins/com.st.stm32cube.ide.mcu.externaltools.gnu-tools-for-stm32.7-2018-q2-update.win32_1.4.0.202007081208/tools/bin/../lib/gcc/arm-none-eabi/7.3.1/thumb/v7-m\libgcc.a
LOAD c:/st/stm32cubeide_1.4.0/stm32cubeide/plugins/com.st.stm32cube.ide.mcu.externaltools.gnu-tools-for-stm32.7-2018-q2-update.win32_1.4.0.202007081208/tools/bin/../lib/gcc/arm-none-eabi/7.3.1/../../../../arm-none-eabi/lib/thumb/v7-m\libc_nano.a
LOAD c:/st/stm32cubeide_1.4.0/stm32cubeide/plugins/com.st.stm32cube.ide.mcu.externaltools.gnu-tools-for-stm32.7-2018-q2-update.win32_1.4.0.202007081208/tools/bin/../lib/gcc/arm-none-eabi/7.3.1/../../../../arm-none-eabi/lib/thumb/v7-m\libnosys.a
END GROUP
LOAD c:/st/stm32cubeide_1.4.0/stm32cubeide/plugins/com.st.stm32cube.ide.mcu.externaltools.gnu-tools-for-stm32.7-2018-q2-update.win32_1.4.0.202007081208/tools/bin/../lib/gcc/arm-none-eabi/7.3.1/thumb/v7-m/crtend.o
LOAD c:/st/stm32cubeide_1.4.0/stm32cubeide/plugins/com.st.stm32cube.ide.mcu.externaltools.gnu-tools-for-stm32.7-2018-q2-update.win32_1.4.0.202007081208/tools/bin/../lib/gcc/arm-none-eabi/7.3.1/thumb/v7-m/crtn.o
                0x0000000020002800                _estack = (ORIGIN (RAM) + LENGTH (RAM))
                0x0000000000000200                _Min_Heap_Size = 0x200
                0x0000000000000400                _Min_Stack_Size = 0x400

.isr_vector     0x0000000008000000      0x130
                0x0000000008000000                . = ALIGN (0x4)
 *(.isr_vector)
 .isr_vector    0x0000000008000000      0x130 Startup/startup_stm32f103c6tx.o
                0x0000000008000000                g_pfnVectors
                0x0000000008000130                . = ALIGN (0x4)

.text           0x0000000008000130      0xda0
                0x0000000008000130                . = ALIGN (0x4)
 *(.text)
 .text          0x0000000008000130       0x40 c:/st/stm32cubeide_1.4.0/stm32cubeide/plugins/com.st.stm32cube.ide.mcu.externaltools.gnu-tools-for-stm32.7-2018-q2-update.win32_1.4.0.202007081208/tools/bin/../lib/gcc/arm-none-eabi/7.3.1/thumb/v7-m/crtbegin.o
 *(.text*)
 .text.EXTI0_IRQHandler
                0x0000000008000170       0x20 STM32F103C6/STM32_F103C6_EXTI-Driver.o
                0x0000000008000170                EXTI0_IRQHandler
 .text.EXTI1_IRQHandler
                0x0000000008000190       0x20 STM32F103C6/STM32_F103C6_EXTI-Driver.o
                0x0000000008000190                EXTI1_IRQHandler
 .text.EXTI2_IRQHandler
                0x00000000080001b0       0x24 STM32F103C6/STM32_F103C6_EXTI-Driver.o
                0x00000000080001b0                EXTI2_IRQHandler
 .text.EXTI3_IRQHandler
                0x00000000080001d4       0x24 STM32F103C6/STM32_F103C6_EXTI-Driver.o
                0x00000000080001d4                EXTI3_IRQHandler
 .text.EXTI4_IRQHandler
                0x00000000080001f8       0x24 STM32F103C6/STM32_F103C6_EXTI-Driver.o
                0x00000000080001f8                EXTI4_IRQHandler
 .text.Get_CRLH_Position
                0x000000000800021c       0xc6 STM32F103C6/STM32_F103C6_GPIO-Driver.o
                0x000000000800021c                Get_CRLH_Position
 .text.MCAL_GPIO_Init
                0x00000000080002e2       0xfe STM32F103C6/STM32_F103C6_GPIO-Driver.o
                0x00000000080002e2                MCAL_GPIO_Init
 .text.I2C1_ER_IRQHandler
                0x00000000080003e0        0xc STM32F103C6/STM32_F103C6_I2C-Driver.o
                0x00000000080003e0                I2C1_ER_IRQHandler
 .text.I2C1_EV_IRQHandler
                0x00000000080003ec       0xec STM32F103C6/STM32_F103C6_I2C-Driver.o
                0x00000000080003ec                I2C1_EV_IRQHandler
 .text.I2C2_ER_IRQHandler
                0x00000000080004d8        0xc STM32F103C6/STM32_F103C6_I2C-Driver.o
                0x00000000080004d8                I2C2_ER_IRQHandler
 .text.I2C2_EV_IRQHandler
                0x00000000080004e4        0xc STM32F103C6/STM32_F103C6_I2C-Driver.o
                0x00000000080004e4                I2C2_EV_IRQHandler
 .text.Slave_States
                0x00000000080004f0       0xd8 STM32F103C6/STM32_F103C6_I2C-Driver.o
                0x00000000080004f0                Slave_States
 .text.MCAL_RCC_GetSYS_CLK1Freq
                0x00000000080005c8       0x40 STM32F103C6/STM32_F103C6_RCC-Driver.o
                0x00000000080005c8                MCAL_RCC_GetSYS_CLK1Freq
 .text.MCAL_RCC_GetHCLK1Freq
                0x0000000008000608       0x28 STM32F103C6/STM32_F103C6_RCC-Driver.o
                0x0000000008000608                MCAL_RCC_GetHCLK1Freq
 .text.MCAL_RCC_GetPCLK1Freq
                0x0000000008000630       0x28 STM32F103C6/STM32_F103C6_RCC-Driver.o
                0x0000000008000630                MCAL_RCC_GetPCLK1Freq
 .text.MCAL_RCC_GetPCLK2Freq
                0x0000000008000658       0x28 STM32F103C6/STM32_F103C6_RCC-Driver.o
                0x0000000008000658                MCAL_RCC_GetPCLK2Freq
 .text.MCAL_SPI_Init
                0x0000000008000680      0x148 STM32F103C6/STM32_F103C6_SPI-Driver.o
                0x0000000008000680                MCAL_SPI_Init
 .text.MCAL_SPI_TX_RX
                0x00000000080007c8       0x54 STM32F103C6/STM32_F103C6_SPI-Driver.o
                0x00000000080007c8                MCAL_SPI_TX_RX
 .text.MCAL_SPI_GPIO_Set_Pins
                0x000000000800081c      0x1e4 STM32F103C6/STM32_F103C6_SPI-Driver.o
                0x000000000800081c                MCAL_SPI_GPIO_Set_Pins
 .text.SPI1_IRQHandler
                0x0000000008000a00       0x5c STM32F103C6/STM32_F103C6_SPI-Driver.o
                0x0000000008000a00                SPI1_IRQHandler
 .text.MCAL_UART_Init
                0x0000000008000a5c      0x17c STM32F103C6/STM32_F103C6_USART-Driver.o
                0x0000000008000a5c                MCAL_UART_Init
 .text.MCAL_UART_GPIO_Set_Pins
                0x0000000008000bd8       0xcc STM32F103C6/STM32_F103C6_USART-Driver.o
                0x0000000008000bd8                MCAL_UART_GPIO_Set_Pins
 .text.MCAL_UART_SendData
                0x0000000008000ca4       0x36 STM32F103C6/STM32_F103C6_USART-Driver.o
                0x0000000008000ca4                MCAL_UART_SendData
 *fill*         0x0000000008000cda        0x2 
 .text.USART1_IRQHandler
                0x0000000008000cdc       0x14 STM32F103C6/STM32_F103C6_USART-Driver.o
                0x0000000008000cdc                USART1_IRQHandler
 .text.USART2_IRQHandler
                0x0000000008000cf0       0x14 STM32F103C6/STM32_F103C6_USART-Driver.o
                0x0000000008000cf0                USART2_IRQHandler
 .text.clock_init
                0x0000000008000d04       0x34 Src/main.o
                0x0000000008000d04                clock_init
 .text.SPI1_IRQ_callback
                0x0000000008000d38       0x44 Src/main.o
                0x0000000008000d38                SPI1_IRQ_callback
 .text.UART_interrupt_callback
                0x0000000008000d7c        0xc Src/main.o
                0x0000000008000d7c                UART_interrupt_callback
 .text.main     0x0000000008000d88       0x94 Src/main.o
                0x0000000008000d88                main
 .text.Reset_Handler
                0x0000000008000e1c       0x50 Startup/startup_stm32f103c6tx.o
                0x0000000008000e1c                Reset_Handler
 .text.Default_Handler
                0x0000000008000e6c        0x2 Startup/startup_stm32f103c6tx.o
                0x0000000008000e6c                TIM8_TRG_COM_IRQHandler
                0x0000000008000e6c                TIM8_CC_IRQHandler
                0x0000000008000e6c                DebugMon_Handler
                0x0000000008000e6c                TIM1_CC_IRQHandler
                0x0000000008000e6c                HardFault_Handler
                0x0000000008000e6c                TIM6_IRQHandler
                0x0000000008000e6c                SysTick_Handler
                0x0000000008000e6c                PVD_IRQHandler
                0x0000000008000e6c                SDIO_IRQHandler
                0x0000000008000e6c                PendSV_Handler
                0x0000000008000e6c                NMI_Handler
                0x0000000008000e6c                USB_HP_CAN_TX_IRQHandler
                0x0000000008000e6c                UsageFault_Handler
                0x0000000008000e6c                ADC1_2_IRQHandler
                0x0000000008000e6c                CAN_SCE_IRQHandler
                0x0000000008000e6c                TAMPER_IRQHandler
                0x0000000008000e6c                TIM8_UP_IRQHandler
                0x0000000008000e6c                DMA2_Channel2_IRQHandler
                0x0000000008000e6c                DMA1_Channel4_IRQHandler
                0x0000000008000e6c                USART3_IRQHandler
                0x0000000008000e6c                RTC_IRQHandler
                0x0000000008000e6c                DMA1_Channel7_IRQHandler
                0x0000000008000e6c                UART5_IRQHandler
                0x0000000008000e6c                ADC3_IRQHandler
                0x0000000008000e6c                TIM4_IRQHandler
                0x0000000008000e6c                CAN_RX1_IRQHandler
                0x0000000008000e6c                DMA2_Channel1_IRQHandler
                0x0000000008000e6c                DMA1_Channel6_IRQHandler
                0x0000000008000e6c                UART4_IRQHandler
                0x0000000008000e6c                TIM3_IRQHandler
                0x0000000008000e6c                RCC_IRQHandler
                0x0000000008000e6c                TIM1_TRG_COM_IRQHandler
                0x0000000008000e6c                DMA1_Channel1_IRQHandler
                0x0000000008000e6c                Default_Handler
                0x0000000008000e6c                EXTI15_10_IRQHandler
                0x0000000008000e6c                TIM7_IRQHandler
                0x0000000008000e6c                TIM5_IRQHandler
                0x0000000008000e6c                EXTI9_5_IRQHandler
                0x0000000008000e6c                SPI2_IRQHandler
                0x0000000008000e6c                USB_LP_CAN_RX0_IRQHandler
                0x0000000008000e6c                MemManage_Handler
                0x0000000008000e6c                SVC_Handler
                0x0000000008000e6c                DMA1_Channel5_IRQHandler
                0x0000000008000e6c                DMA1_Channel3_IRQHandler
                0x0000000008000e6c                FSMC_IRQHandler
                0x0000000008000e6c                TIM1_UP_IRQHandler
                0x0000000008000e6c                WWDG_IRQHandler
                0x0000000008000e6c                TIM2_IRQHandler
                0x0000000008000e6c                TIM1_BRK_IRQHandler
                0x0000000008000e6c                RTCAlarm_IRQHandler
                0x0000000008000e6c                DMA2_Channel4_5_IRQHandler
                0x0000000008000e6c                DMA1_Channel2_IRQHandler
                0x0000000008000e6c                TIM8_BRK_IRQHandler
                0x0000000008000e6c                FLASH_IRQHandler
                0x0000000008000e6c                BusFault_Handler
                0x0000000008000e6c                SPI3_IRQHandler
                0x0000000008000e6c                DMA2_Channel3_IRQHandler
 *fill*         0x0000000008000e6e        0x2 
 .text.__libc_init_array
                0x0000000008000e70       0x48 c:/st/stm32cubeide_1.4.0/stm32cubeide/plugins/com.st.stm32cube.ide.mcu.externaltools.gnu-tools-for-stm32.7-2018-q2-update.win32_1.4.0.202007081208/tools/bin/../lib/gcc/arm-none-eabi/7.3.1/../../../../arm-none-eabi/lib/thumb/v7-m\libc_nano.a(lib_a-init.o)
                0x0000000008000e70                __libc_init_array
 *(.glue_7)
 .glue_7        0x0000000008000eb8        0x0 linker stubs
 *(.glue_7t)
 .glue_7t       0x0000000008000eb8        0x0 linker stubs
 *(.eh_frame)
 .eh_frame      0x0000000008000eb8        0x0 c:/st/stm32cubeide_1.4.0/stm32cubeide/plugins/com.st.stm32cube.ide.mcu.externaltools.gnu-tools-for-stm32.7-2018-q2-update.win32_1.4.0.202007081208/tools/bin/../lib/gcc/arm-none-eabi/7.3.1/thumb/v7-m/crtbegin.o
 *(.init)
 .init          0x0000000008000eb8        0x4 c:/st/stm32cubeide_1.4.0/stm32cubeide/plugins/com.st.stm32cube.ide.mcu.externaltools.gnu-tools-for-stm32.7-2018-q2-update.win32_1.4.0.202007081208/tools/bin/../lib/gcc/arm-none-eabi/7.3.1/thumb/v7-m/crti.o
                0x0000000008000eb8                _init
 .init          0x0000000008000ebc        0x8 c:/st/stm32cubeide_1.4.0/stm32cubeide/plugins/com.st.stm32cube.ide.mcu.externaltools.gnu-tools-for-stm32.7-2018-q2-update.win32_1.4.0.202007081208/tools/bin/../lib/gcc/arm-none-eabi/7.3.1/thumb/v7-m/crtn.o
 *(.fini)
 .fini          0x0000000008000ec4        0x4 c:/st/stm32cubeide_1.4.0/stm32cubeide/plugins/com.st.stm32cube.ide.mcu.externaltools.gnu-tools-for-stm32.7-2018-q2-update.win32_1.4.0.202007081208/tools/bin/../lib/gcc/arm-none-eabi/7.3.1/thumb/v7-m/crti.o
                0x0000000008000ec4                _fini
 .fini          0x0000000008000ec8        0x8 c:/st/stm32cubeide_1.4.0/stm32cubeide/plugins/com.st.stm32cube.ide.mcu.externaltools.gnu-tools-for-stm32.7-2018-q2-update.win32_1.4.0.202007081208/tools/bin/../lib/gcc/arm-none-eabi/7.3.1/thumb/v7-m/crtn.o
                0x0000000008000ed0                . = ALIGN (0x4)
                0x0000000008000ed0                _etext = .

.vfp11_veneer   0x0000000008000ed0        0x0
 .vfp11_veneer  0x0000000008000ed0        0x0 linker stubs

.v4_bx          0x0000000008000ed0        0x0
 .v4_bx         0x0000000008000ed0        0x0 linker stubs

.iplt           0x0000000008000ed0        0x0
 .iplt          0x0000000008000ed0        0x0 c:/st/stm32cubeide_1.4.0/stm32cubeide/plugins/com.st.stm32cube.ide.mcu.externaltools.gnu-tools-for-stm32.7-2018-q2-update.win32_1.4.0.202007081208/tools/bin/../lib/gcc/arm-none-eabi/7.3.1/thumb/v7-m/crtbegin.o

.rodata         0x0000000008000ed0        0x8
                0x0000000008000ed0                . = ALIGN (0x4)
 *(.rodata)
 *(.rodata*)
 .rodata.APBPresectable
                0x0000000008000ed0        0x8 STM32F103C6/STM32_F103C6_RCC-Driver.o
                0x0000000008000ed0                APBPresectable
                0x0000000008000ed8                . = ALIGN (0x4)

.rel.dyn        0x0000000008000ed8        0x0
 .rel.iplt      0x0000000008000ed8        0x0 c:/st/stm32cubeide_1.4.0/stm32cubeide/plugins/com.st.stm32cube.ide.mcu.externaltools.gnu-tools-for-stm32.7-2018-q2-update.win32_1.4.0.202007081208/tools/bin/../lib/gcc/arm-none-eabi/7.3.1/thumb/v7-m/crtbegin.o

.ARM.extab      0x0000000008000ed8        0x0
                0x0000000008000ed8                . = ALIGN (0x4)
 *(.ARM.extab* .gnu.linkonce.armextab.*)
                0x0000000008000ed8                . = ALIGN (0x4)

.ARM            0x0000000008000ed8        0x0
                0x0000000008000ed8                . = ALIGN (0x4)
                0x0000000008000ed8                __exidx_start = .
 *(.ARM.exidx*)
                0x0000000008000ed8                __exidx_end = .
                0x0000000008000ed8                . = ALIGN (0x4)

.preinit_array  0x0000000008000ed8        0x0
                0x0000000008000ed8                . = ALIGN (0x4)
                0x0000000008000ed8                PROVIDE (__preinit_array_start = .)
 *(.preinit_array*)
                0x0000000008000ed8                PROVIDE (__preinit_array_end = .)
                0x0000000008000ed8                . = ALIGN (0x4)

.init_array     0x0000000008000ed8        0x4
                0x0000000008000ed8                . = ALIGN (0x4)
                0x0000000008000ed8                PROVIDE (__init_array_start = .)
 *(SORT_BY_NAME(.init_array.*))
 *(.init_array*)
 .init_array    0x0000000008000ed8        0x4 c:/st/stm32cubeide_1.4.0/stm32cubeide/plugins/com.st.stm32cube.ide.mcu.externaltools.gnu-tools-for-stm32.7-2018-q2-update.win32_1.4.0.202007081208/tools/bin/../lib/gcc/arm-none-eabi/7.3.1/thumb/v7-m/crtbegin.o
                0x0000000008000edc                PROVIDE (__init_array_end = .)
                0x0000000008000edc                . = ALIGN (0x4)

.fini_array     0x0000000008000edc        0x4
                0x0000000008000edc                . = ALIGN (0x4)
                [!provide]                        PROVIDE (__fini_array_start = .)
 *(SORT_BY_NAME(.fini_array.*))
 *(.fini_array*)
 .fini_array    0x0000000008000edc        0x4 c:/st/stm32cubeide_1.4.0/stm32cubeide/plugins/com.st.stm32cube.ide.mcu.externaltools.gnu-tools-for-stm32.7-2018-q2-update.win32_1.4.0.202007081208/tools/bin/../lib/gcc/arm-none-eabi/7.3.1/thumb/v7-m/crtbegin.o
                [!provide]                        PROVIDE (__fini_array_end = .)
                0x0000000008000ee0                . = ALIGN (0x4)
                0x0000000008000ee0                _sidata = LOADADDR (.data)

.data           0x0000000020000000        0x0 load address 0x0000000008000ee0
                0x0000000020000000                . = ALIGN (0x4)
                0x0000000020000000                _sdata = .
 *(.data)
 *(.data*)
                0x0000000020000000                . = ALIGN (0x4)
                0x0000000020000000                _edata = .

.igot.plt       0x0000000020000000        0x0 load address 0x0000000008000ee0
 .igot.plt      0x0000000020000000        0x0 c:/st/stm32cubeide_1.4.0/stm32cubeide/plugins/com.st.stm32cube.ide.mcu.externaltools.gnu-tools-for-stm32.7-2018-q2-update.win32_1.4.0.202007081208/tools/bin/../lib/gcc/arm-none-eabi/7.3.1/thumb/v7-m/crtbegin.o
                0x0000000020000000                . = ALIGN (0x4)

.bss            0x0000000020000000       0xf0 load address 0x0000000008000ee0
                0x0000000020000000                _sbss = .
                0x0000000020000000                __bss_start__ = _sbss
 *(.bss)
 .bss           0x0000000020000000       0x1c c:/st/stm32cubeide_1.4.0/stm32cubeide/plugins/com.st.stm32cube.ide.mcu.externaltools.gnu-tools-for-stm32.7-2018-q2-update.win32_1.4.0.202007081208/tools/bin/../lib/gcc/arm-none-eabi/7.3.1/thumb/v7-m/crtbegin.o
 *(.bss*)
 .bss.Global_I2C_Config
                0x000000002000001c       0x58 STM32F103C6/STM32_F103C6_I2C-Driver.o
                0x000000002000001c                Global_I2C_Config
 .bss.Global_SPI_Comfig
                0x0000000020000074        0x8 STM32F103C6/STM32_F103C6_SPI-Driver.o
                0x0000000020000074                Global_SPI_Comfig
 .bss.Global_USART_Config
                0x000000002000007c        0x4 STM32F103C6/STM32_F103C6_USART-Driver.o
                0x000000002000007c                Global_USART_Config
 *(COMMON)
 COMMON         0x0000000020000080       0x3c STM32F103C6/STM32_F103C6_EXTI-Driver.o
                0x0000000020000080                GP_IRQ_CallBack
 COMMON         0x00000000200000bc       0x30 STM32F103C6/STM32_F103C6_SPI-Driver.o
                0x00000000200000bc                Global_SPI_Comfig1
                0x00000000200000d4                Global_SPI_Comfig2
 COMMON         0x00000000200000ec        0x1 Src/main.o
                0x00000000200000ec                ch
                0x00000000200000f0                . = ALIGN (0x4)
 *fill*         0x00000000200000ed        0x3 
                0x00000000200000f0                _ebss = .
                0x00000000200000f0                __bss_end__ = _ebss

._user_heap_stack
                0x00000000200000f0      0x600 load address 0x0000000008000ee0
                0x00000000200000f0                . = ALIGN (0x8)
                [!provide]                        PROVIDE (end = .)
                0x00000000200000f0                PROVIDE (_end = .)
                0x00000000200002f0                . = (. + _Min_Heap_Size)
 *fill*         0x00000000200000f0      0x200 
                0x00000000200006f0                . = (. + _Min_Stack_Size)
 *fill*         0x00000000200002f0      0x400 
                0x00000000200006f0                . = ALIGN (0x8)

/DISCARD/
 libc.a(*)
 libm.a(*)
 libgcc.a(*)

.ARM.attributes
                0x0000000000000000       0x29
 *(.ARM.attributes)
 .ARM.attributes
                0x0000000000000000       0x1d c:/st/stm32cubeide_1.4.0/stm32cubeide/plugins/com.st.stm32cube.ide.mcu.externaltools.gnu-tools-for-stm32.7-2018-q2-update.win32_1.4.0.202007081208/tools/bin/../lib/gcc/arm-none-eabi/7.3.1/thumb/v7-m/crti.o
 .ARM.attributes
                0x000000000000001d       0x2d c:/st/stm32cubeide_1.4.0/stm32cubeide/plugins/com.st.stm32cube.ide.mcu.externaltools.gnu-tools-for-stm32.7-2018-q2-update.win32_1.4.0.202007081208/tools/bin/../lib/gcc/arm-none-eabi/7.3.1/thumb/v7-m/crtbegin.o
 .ARM.attributes
                0x000000000000004a       0x33 STM32F103C6/STM32_F103C6_EXTI-Driver.o
 .ARM.attributes
                0x000000000000007d       0x33 STM32F103C6/STM32_F103C6_GPIO-Driver.o
 .ARM.attributes
                0x00000000000000b0       0x33 STM32F103C6/STM32_F103C6_I2C-Driver.o
 .ARM.attributes
                0x00000000000000e3       0x33 STM32F103C6/STM32_F103C6_RCC-Driver.o
 .ARM.attributes
                0x0000000000000116       0x33 STM32F103C6/STM32_F103C6_SPI-Driver.o
 .ARM.attributes
                0x0000000000000149       0x33 STM32F103C6/STM32_F103C6_USART-Driver.o
 .ARM.attributes
                0x000000000000017c       0x33 Src/main.o
 .ARM.attributes
                0x00000000000001af       0x21 Startup/startup_stm32f103c6tx.o
 .ARM.attributes
                0x00000000000001d0       0x2d c:/st/stm32cubeide_1.4.0/stm32cubeide/plugins/com.st.stm32cube.ide.mcu.externaltools.gnu-tools-for-stm32.7-2018-q2-update.win32_1.4.0.202007081208/tools/bin/../lib/gcc/arm-none-eabi/7.3.1/../../../../arm-none-eabi/lib/thumb/v7-m\libc_nano.a(lib_a-init.o)
 .ARM.attributes
                0x00000000000001fd       0x1d c:/st/stm32cubeide_1.4.0/stm32cubeide/plugins/com.st.stm32cube.ide.mcu.externaltools.gnu-tools-for-stm32.7-2018-q2-update.win32_1.4.0.202007081208/tools/bin/../lib/gcc/arm-none-eabi/7.3.1/thumb/v7-m/crtn.o
OUTPUT(Drivers.elf elf32-littlearm)

.debug_info     0x0000000000000000     0x6478
 .debug_info    0x0000000000000000      0xd97 STM32F103C6/STM32_F103C6_EXTI-Driver.o
 .debug_info    0x0000000000000d97      0xd69 STM32F103C6/STM32_F103C6_GPIO-Driver.o
 .debug_info    0x0000000000001b00     0x1344 STM32F103C6/STM32_F103C6_I2C-Driver.o
 .debug_info    0x0000000000002e44      0xaf4 STM32F103C6/STM32_F103C6_RCC-Driver.o
 .debug_info    0x0000000000003938      0xef7 STM32F103C6/STM32_F103C6_SPI-Driver.o
 .debug_info    0x000000000000482f      0xe00 STM32F103C6/STM32_F103C6_USART-Driver.o
 .debug_info    0x000000000000562f      0xe27 Src/main.o
 .debug_info    0x0000000000006456       0x22 Startup/startup_stm32f103c6tx.o

.debug_abbrev   0x0000000000000000      0xf3f
 .debug_abbrev  0x0000000000000000      0x210 STM32F103C6/STM32_F103C6_EXTI-Driver.o
 .debug_abbrev  0x0000000000000210      0x218 STM32F103C6/STM32_F103C6_GPIO-Driver.o
 .debug_abbrev  0x0000000000000428      0x2a4 STM32F103C6/STM32_F103C6_I2C-Driver.o
 .debug_abbrev  0x00000000000006cc      0x19b STM32F103C6/STM32_F103C6_RCC-Driver.o
 .debug_abbrev  0x0000000000000867      0x240 STM32F103C6/STM32_F103C6_SPI-Driver.o
 .debug_abbrev  0x0000000000000aa7      0x23b STM32F103C6/STM32_F103C6_USART-Driver.o
 .debug_abbrev  0x0000000000000ce2      0x24b Src/main.o
 .debug_abbrev  0x0000000000000f2d       0x12 Startup/startup_stm32f103c6tx.o

.debug_loc      0x0000000000000000     0x12a8
 .debug_loc     0x0000000000000000      0x2d0 STM32F103C6/STM32_F103C6_EXTI-Driver.o
 .debug_loc     0x00000000000002d0      0x330 STM32F103C6/STM32_F103C6_GPIO-Driver.o
 .debug_loc     0x0000000000000600      0x580 STM32F103C6/STM32_F103C6_I2C-Driver.o
 .debug_loc     0x0000000000000b80       0xc8 STM32F103C6/STM32_F103C6_RCC-Driver.o
 .debug_loc     0x0000000000000c48      0x2bc STM32F103C6/STM32_F103C6_SPI-Driver.o
 .debug_loc     0x0000000000000f04      0x294 STM32F103C6/STM32_F103C6_USART-Driver.o
 .debug_loc     0x0000000000001198      0x110 Src/main.o

.debug_aranges  0x0000000000000000      0x2c8
 .debug_aranges
                0x0000000000000000       0x78 STM32F103C6/STM32_F103C6_EXTI-Driver.o
 .debug_aranges
                0x0000000000000078       0x60 STM32F103C6/STM32_F103C6_GPIO-Driver.o
 .debug_aranges
                0x00000000000000d8       0xa0 STM32F103C6/STM32_F103C6_I2C-Driver.o
 .debug_aranges
                0x0000000000000178       0x38 STM32F103C6/STM32_F103C6_RCC-Driver.o
 .debug_aranges
                0x00000000000001b0       0x58 STM32F103C6/STM32_F103C6_SPI-Driver.o
 .debug_aranges
                0x0000000000000208       0x60 STM32F103C6/STM32_F103C6_USART-Driver.o
 .debug_aranges
                0x0000000000000268       0x38 Src/main.o
 .debug_aranges
                0x00000000000002a0       0x28 Startup/startup_stm32f103c6tx.o

.debug_ranges   0x0000000000000000      0x250
 .debug_ranges  0x0000000000000000       0x68 STM32F103C6/STM32_F103C6_EXTI-Driver.o
 .debug_ranges  0x0000000000000068       0x50 STM32F103C6/STM32_F103C6_GPIO-Driver.o
 .debug_ranges  0x00000000000000b8       0x90 STM32F103C6/STM32_F103C6_I2C-Driver.o
 .debug_ranges  0x0000000000000148       0x28 STM32F103C6/STM32_F103C6_RCC-Driver.o
 .debug_ranges  0x0000000000000170       0x48 STM32F103C6/STM32_F103C6_SPI-Driver.o
 .debug_ranges  0x00000000000001b8       0x50 STM32F103C6/STM32_F103C6_USART-Driver.o
 .debug_ranges  0x0000000000000208       0x28 Src/main.o
 .debug_ranges  0x0000000000000230       0x20 Startup/startup_stm32f103c6tx.o

.debug_macro    0x0000000000000000     0x1b6f
 .debug_macro   0x0000000000000000      0x160 STM32F103C6/STM32_F103C6_EXTI-Driver.o
 .debug_macro   0x0000000000000160      0x223 STM32F103C6/STM32_F103C6_EXTI-Driver.o
 .debug_macro   0x0000000000000383      0x13f STM32F103C6/STM32_F103C6_GPIO-Driver.o
 .debug_macro   0x00000000000004c2      0x16d STM32F103C6/STM32_F103C6_I2C-Driver.o
 .debug_macro   0x000000000000062f      0x152 STM32F103C6/STM32_F103C6_RCC-Driver.o
 .debug_macro   0x0000000000000781      0x16e STM32F103C6/STM32_F103C6_SPI-Driver.o
 .debug_macro   0x00000000000008ef       0xca STM32F103C6/STM32_F103C6_SPI-Driver.o
 .debug_macro   0x00000000000009b9      0x172 STM32F103C6/STM32_F103C6_USART-Driver.o
 .debug_macro   0x0000000000000b2b       0x16 STM32F103C6/STM32_F103C6_USART-Driver.o
 .debug_macro   0x0000000000000b41       0xf5 STM32F103C6/STM32_F103C6_USART-Driver.o
 .debug_macro   0x0000000000000c36      0x2a9 Src/main.o
 .debug_macro   0x0000000000000edf       0x8e Src/main.o
 .debug_macro   0x0000000000000f6d       0x51 Src/main.o
 .debug_macro   0x0000000000000fbe       0x46 Src/main.o
 .debug_macro   0x0000000000001004       0x1c Src/main.o
 .debug_macro   0x0000000000001020       0x35 Src/main.o
 .debug_macro   0x0000000000001055       0x10 Src/main.o
 .debug_macro   0x0000000000001065       0x10 Src/main.o
 .debug_macro   0x0000000000001075       0x1c Src/main.o
 .debug_macro   0x0000000000001091       0x52 Src/main.o
 .debug_macro   0x00000000000010e3       0x40 Src/main.o
 .debug_macro   0x0000000000001123       0x10 Src/main.o
 .debug_macro   0x0000000000001133       0x40 Src/main.o
 .debug_macro   0x0000000000001173       0xd7 Src/main.o
 .debug_macro   0x000000000000124a       0x1c Src/main.o
 .debug_macro   0x0000000000001266       0x3d Src/main.o
 .debug_macro   0x00000000000012a3       0x16 Src/main.o
 .debug_macro   0x00000000000012b9      0x145 Src/main.o
 .debug_macro   0x00000000000013fe      0x6be Src/main.o
 .debug_macro   0x0000000000001abc       0x73 Src/main.o
 .debug_macro   0x0000000000001b2f       0x40 Src/main.o

.debug_line     0x0000000000000000     0x36a3
 .debug_line    0x0000000000000000      0x7e0 STM32F103C6/STM32_F103C6_EXTI-Driver.o
 .debug_line    0x00000000000007e0      0x69b STM32F103C6/STM32_F103C6_GPIO-Driver.o
 .debug_line    0x0000000000000e7b      0x8c2 STM32F103C6/STM32_F103C6_I2C-Driver.o
 .debug_line    0x000000000000173d      0x64d STM32F103C6/STM32_F103C6_RCC-Driver.o
 .debug_line    0x0000000000001d8a      0x755 STM32F103C6/STM32_F103C6_SPI-Driver.o
 .debug_line    0x00000000000024df      0x7fd STM32F103C6/STM32_F103C6_USART-Driver.o
 .debug_line    0x0000000000002cdc      0x943 Src/main.o
 .debug_line    0x000000000000361f       0x84 Startup/startup_stm32f103c6tx.o

.debug_str      0x0000000000000000     0xd5bf
 .debug_str     0x0000000000000000     0xa7b7 STM32F103C6/STM32_F103C6_EXTI-Driver.o
                                       0xaa2d (size before relaxing)
 .debug_str     0x000000000000a7b7      0x143 STM32F103C6/STM32_F103C6_GPIO-Driver.o
                                       0x95c7 (size before relaxing)
 .debug_str     0x000000000000a8fa      0x74e STM32F103C6/STM32_F103C6_I2C-Driver.o
                                       0x9c56 (size before relaxing)
 .debug_str     0x000000000000b048       0xa2 STM32F103C6/STM32_F103C6_RCC-Driver.o
                                       0x9549 (size before relaxing)
 .debug_str     0x000000000000b0ea      0x7d3 STM32F103C6/STM32_F103C6_SPI-Driver.o
                                       0x9ca0 (size before relaxing)
 .debug_str     0x000000000000b8bd      0x775 STM32F103C6/STM32_F103C6_USART-Driver.o
                                       0xb023 (size before relaxing)
 .debug_str     0x000000000000c032     0x155c Src/main.o
                                       0xcd31 (size before relaxing)
 .debug_str     0x000000000000d58e       0x31 Startup/startup_stm32f103c6tx.o
                                         0x86 (size before relaxing)

.comment        0x0000000000000000       0x7b
 .comment       0x0000000000000000       0x7b STM32F103C6/STM32_F103C6_EXTI-Driver.o
                                         0x7c (size before relaxing)
 .comment       0x000000000000007b       0x7c STM32F103C6/STM32_F103C6_GPIO-Driver.o
 .comment       0x000000000000007b       0x7c STM32F103C6/STM32_F103C6_I2C-Driver.o
 .comment       0x000000000000007b       0x7c STM32F103C6/STM32_F103C6_RCC-Driver.o
 .comment       0x000000000000007b       0x7c STM32F103C6/STM32_F103C6_SPI-Driver.o
 .comment       0x000000000000007b       0x7c STM32F103C6/STM32_F103C6_USART-Driver.o
 .comment       0x000000000000007b       0x7c Src/main.o

.debug_frame    0x0000000000000000      0x964
 .debug_frame   0x0000000000000000      0x18c STM32F103C6/STM32_F103C6_EXTI-Driver.o
 .debug_frame   0x000000000000018c      0x178 STM32F103C6/STM32_F103C6_GPIO-Driver.o
 .debug_frame   0x0000000000000304      0x288 STM32F103C6/STM32_F103C6_I2C-Driver.o
 .debug_frame   0x000000000000058c       0x84 STM32F103C6/STM32_F103C6_RCC-Driver.o
 .debug_frame   0x0000000000000610      0x148 STM32F103C6/STM32_F103C6_SPI-Driver.o
 .debug_frame   0x0000000000000758      0x14c STM32F103C6/STM32_F103C6_USART-Driver.o
 .debug_frame   0x00000000000008a4       0x94 Src/main.o
 .debug_frame   0x0000000000000938       0x2c c:/st/stm32cubeide_1.4.0/stm32cubeide/plugins/com.st.stm32cube.ide.mcu.externaltools.gnu-tools-for-stm32.7-2018-q2-update.win32_1.4.0.202007081208/tools/bin/../lib/gcc/arm-none-eabi/7.3.1/../../../../arm-none-eabi/lib/thumb/v7-m\libc_nano.a(lib_a-init.o)
