STM32_F103C6_EXTI-Driver.c:61:6:Enable_NVIC	16	static
STM32_F103C6_EXTI-Driver.c:92:6:Disable_NVIC	16	static
STM32_F103C6_EXTI-Driver.c:143:6:Updata_EXTI	24	static
STM32_F103C6_EXTI-Driver.c:241:6:MCAL_EXTI_GPIO_Init	16	static
STM32_F103C6_EXTI-Driver.c:257:6:MCAL_EXTI_GPIO_DeInit	4	static
STM32_F103C6_EXTI-Driver.c:295:6:EXTI0_IRQHandler	8	static
STM32_F103C6_EXTI-Driver.c:305:6:EXTI1_IRQHandler	8	static
STM32_F103C6_EXTI-Driver.c:313:6:EXTI2_IRQHandler	8	static
STM32_F103C6_EXTI-Driver.c:322:6:EXTI3_IRQHandler	8	static
STM32_F103C6_EXTI-Driver.c:330:6:EXTI4_IRQHandler	8	static
STM32_F103C6_EXTI-Driver.c:339:6:EXTI5_9_IRQHandler	8	static
STM32_F103C6_EXTI-Driver.c:349:6:EXTI10_15_IRQHandler	8	static
