STM32_F103C6_USART-Driver.c:84:6:MCAL_UART_Init	24	static
STM32_F103C6_USART-Driver.c:193:6:MCAL_UART_DeInit	16	static
STM32_F103C6_USART-Driver.c:213:6:MCAL_UART_GPIO_Set_Pins	24	static
STM32_F103C6_USART-Driver.c:346:6:MCAL_UART_SendData	24	static
STM32_F103C6_USART-Driver.c:376:6:MCAL_UART_ReceiveData	24	static
STM32_F103C6_USART-Driver.c:417:6:MCAL_UART_WAIT_TC	16	static
STM32_F103C6_USART-Driver.c:427:6:USART1_IRQHandler	8	static
STM32_F103C6_USART-Driver.c:433:6:USART2_IRQHandler	8	static
STM32_F103C6_USART-Driver.c:439:6:USAR3_IRQHandler	8	static
